1	2014-10-02 00:33:12.123456+02
2	2014-10-02 00:33:13.123456+02
3	2014-10-02 00:33:14.123456+02
